<?xml version="1.0" encoding="UTF-8"?>
<testsuites>
  <testsuite name="" tests="174" assertions="3589" errors="3" warnings="0" failures="0" skipped="7" time="21.702339">
    <testsuite name="App Test Suite" tests="174" assertions="3589" errors="3" warnings="0" failures="0" skipped="7" time="21.702339">
      <testsuite name="App\Tests\AddressesTest" file="/srv/app/tests/AddressesTest.php" tests="8" assertions="25" errors="0" warnings="0" failures="0" skipped="0" time="1.597838">
        <testcase name="testAddressesListIsNotEmpty" class="App\Tests\AddressesTest" classname="App.Tests.AddressesTest" file="/srv/app/tests/AddressesTest.php" line="50" assertions="1" time="0.937140"/>
        <testcase name="testCanNotAddAddressWithoutIp" class="App\Tests\AddressesTest" classname="App.Tests.AddressesTest" file="/srv/app/tests/AddressesTest.php" line="58" assertions="1" time="0.027979"/>
        <testcase name="testCanNotAddAddressWithoutMac" class="App\Tests\AddressesTest" classname="App.Tests.AddressesTest" file="/srv/app/tests/AddressesTest.php" line="66" assertions="1" time="0.012776"/>
        <testcase name="testCanNotAddDuplicateAddresses" class="App\Tests\AddressesTest" classname="App.Tests.AddressesTest" file="/srv/app/tests/AddressesTest.php" line="79" assertions="2" time="0.038485"/>
        <testcase name="testSpareAddressesAreAvailable" class="App\Tests\AddressesTest" classname="App.Tests.AddressesTest" file="/srv/app/tests/AddressesTest.php" line="95" assertions="1" time="0.462280"/>
        <testcase name="testEachInstanceHasAddress" class="App\Tests\AddressesTest" classname="App.Tests.AddressesTest" file="/srv/app/tests/AddressesTest.php" line="104" assertions="17" time="0.098583"/>
        <testcase name="testCanAddDummyAddress" class="App\Tests\AddressesTest" classname="App.Tests.AddressesTest" file="/srv/app/tests/AddressesTest.php" line="118" assertions="1" time="0.012959"/>
        <testcase name="testCanRemoveDummyAddress" class="App\Tests\AddressesTest" classname="App.Tests.AddressesTest" file="/srv/app/tests/AddressesTest.php" line="132" assertions="1" time="0.007636"/>
      </testsuite>
      <testsuite name="App\Tests\BreedsTest" file="/srv/app/tests/BreedsTest.php" tests="8" assertions="7" errors="0" warnings="0" failures="0" skipped="1" time="0.089135">
        <testcase name="testBreedsListIsNotEmpty" class="App\Tests\BreedsTest" classname="App.Tests.BreedsTest" file="/srv/app/tests/BreedsTest.php" line="59" assertions="1" time="0.016576"/>
        <testcase name="testBreedHasOperatingSystemsReference" class="App\Tests\BreedsTest" classname="App.Tests.BreedsTest" file="/srv/app/tests/BreedsTest.php" line="73" assertions="1" time="0.014763"/>
        <testcase name="testCanNotAddBreedWithoutName" class="App\Tests\BreedsTest" classname="App.Tests.BreedsTest" file="/srv/app/tests/BreedsTest.php" line="86" assertions="1" time="0.013246"/>
        <testcase name="testCanNotAddDuplicateBreed" class="App\Tests\BreedsTest" classname="App.Tests.BreedsTest" file="/srv/app/tests/BreedsTest.php" line="97" assertions="1" time="0.009873"/>
        <testcase name="testCanAddDummyBreed" class="App\Tests\BreedsTest" classname="App.Tests.BreedsTest" file="/srv/app/tests/BreedsTest.php" line="108" assertions="1" time="0.009150"/>
        <testcase name="testCanRemoveDummyBreed" class="App\Tests\BreedsTest" classname="App.Tests.BreedsTest" file="/srv/app/tests/BreedsTest.php" line="121" assertions="1" time="0.008939"/>
        <testcase name="testCanNotRemoveReferencedBreed" class="App\Tests\BreedsTest" classname="App.Tests.BreedsTest" file="/srv/app/tests/BreedsTest.php" line="132" assertions="1" time="0.008468"/>
        <testcase name="testCanRemoveBreedWithCascadeFlag" class="App\Tests\BreedsTest" classname="App.Tests.BreedsTest" file="/srv/app/tests/BreedsTest.php" line="142" assertions="0" time="0.008120">
          <skipped/>
        </testcase>
      </testsuite>
      <testsuite name="App\Tests\Command\AwxMeCommandTest" file="/srv/app/tests/Command/AwxMeCommandTest.php" tests="1" assertions="2" errors="0" warnings="0" failures="0" skipped="0" time="0.669860">
        <testcase name="testAwxMeIsSymfony" class="App\Tests\Command\AwxMeCommandTest" classname="App.Tests.Command.AwxMeCommandTest" file="/srv/app/tests/Command/AwxMeCommandTest.php" line="11" assertions="2" time="0.669860"/>
      </testsuite>
      <testsuite name="App\Tests\Command\AwxProjectListCommandTest" file="/srv/app/tests/Command/AwxProjectListCommandTest.php" tests="1" assertions="0" errors="0" warnings="0" failures="0" skipped="1" time="0.001320">
        <testcase name="testExecute" class="App\Tests\Command\AwxProjectListCommandTest" classname="App.Tests.Command.AwxProjectListCommandTest" file="/srv/app/tests/Command/AwxProjectListCommandTest.php" line="11" assertions="0" time="0.001320">
          <skipped/>
        </testcase>
      </testsuite>
      <testsuite name="App\Tests\Controller\DomainsControllerTest" file="/srv/app/tests/Controller/DomainsControllerTest.php" tests="4" assertions="102" errors="0" warnings="0" failures="0" skipped="0" time="1.494550">
        <testcase name="testDomainsListIsNotEmpty" class="App\Tests\Controller\DomainsControllerTest" classname="App.Tests.Controller.DomainsControllerTest" file="/srv/app/tests/Controller/DomainsControllerTest.php" line="42" assertions="1" time="0.018678"/>
        <testcase name="testDomainsWebPageListContainsAllRecords" class="App\Tests\Controller\DomainsControllerTest" classname="App.Tests.Controller.DomainsControllerTest" file="/srv/app/tests/Controller/DomainsControllerTest.php" line="55" assertions="31" time="0.286952"/>
        <testcase name="testDomainDisplayWebPageContainsData" class="App\Tests\Controller\DomainsControllerTest" classname="App.Tests.Controller.DomainsControllerTest" file="/srv/app/tests/Controller/DomainsControllerTest.php" line="76" assertions="40" time="0.366429"/>
        <testcase name="testCanRemoveAllDomainsByClickingDeleteButton" class="App\Tests\Controller\DomainsControllerTest" classname="App.Tests.Controller.DomainsControllerTest" file="/srv/app/tests/Controller/DomainsControllerTest.php" line="96" assertions="30" time="0.822491"/>
      </testsuite>
      <testsuite name="App\Tests\Controller\EnvironmentStatusesControllerTest" file="/srv/app/tests/Controller/EnvironmentStatusesControllerTest.php" tests="4" assertions="72" errors="0" warnings="0" failures="0" skipped="0" time="0.994631">
        <testcase name="testEnvironmentStatusesListIsNotEmpty" class="App\Tests\Controller\EnvironmentStatusesControllerTest" classname="App.Tests.Controller.EnvironmentStatusesControllerTest" file="/srv/app/tests/Controller/EnvironmentStatusesControllerTest.php" line="42" assertions="1" time="0.012192"/>
        <testcase name="testEnvironmentStatusesWebPageListContainsAllRecords" class="App\Tests\Controller\EnvironmentStatusesControllerTest" classname="App.Tests.Controller.EnvironmentStatusesControllerTest" file="/srv/app/tests/Controller/EnvironmentStatusesControllerTest.php" line="55" assertions="22" time="0.097196"/>
        <testcase name="testEnvironmentStatusDisplayWebPageContainsData" class="App\Tests\Controller\EnvironmentStatusesControllerTest" classname="App.Tests.Controller.EnvironmentStatusesControllerTest" file="/srv/app/tests/Controller/EnvironmentStatusesControllerTest.php" line="76" assertions="28" time="0.258275"/>
        <testcase name="testCanRemoveAllEnvironmentStatusesByClickingDeleteButton" class="App\Tests\Controller\EnvironmentStatusesControllerTest" classname="App.Tests.Controller.EnvironmentStatusesControllerTest" file="/srv/app/tests/Controller/EnvironmentStatusesControllerTest.php" line="96" assertions="21" time="0.626968"/>
      </testsuite>
      <testsuite name="App\Tests\Controller\EnvironmentsControllerTest" file="/srv/app/tests/Controller/EnvironmentsControllerTest.php" tests="4" assertions="72" errors="0" warnings="0" failures="0" skipped="0" time="1.151427">
        <testcase name="testEnvironmentsListIsNotEmpty" class="App\Tests\Controller\EnvironmentsControllerTest" classname="App.Tests.Controller.EnvironmentsControllerTest" file="/srv/app/tests/Controller/EnvironmentsControllerTest.php" line="42" assertions="1" time="0.012905"/>
        <testcase name="testEnvironmentsWebPageListContainsAllRecords" class="App\Tests\Controller\EnvironmentsControllerTest" classname="App.Tests.Controller.EnvironmentsControllerTest" file="/srv/app/tests/Controller/EnvironmentsControllerTest.php" line="55" assertions="22" time="0.127448"/>
        <testcase name="testEnvironmentDisplayWebPageContainsData" class="App\Tests\Controller\EnvironmentsControllerTest" classname="App.Tests.Controller.EnvironmentsControllerTest" file="/srv/app/tests/Controller/EnvironmentsControllerTest.php" line="76" assertions="28" time="0.363126"/>
        <testcase name="testCanRemoveAllEnvironmentsByClickingDeleteButton" class="App\Tests\Controller\EnvironmentsControllerTest" classname="App.Tests.Controller.EnvironmentsControllerTest" file="/srv/app/tests/Controller/EnvironmentsControllerTest.php" line="96" assertions="21" time="0.647947"/>
      </testsuite>
      <testsuite name="App\Tests\Controller\LuckyNumberControllerTest" file="/srv/app/tests/Controller/LuckyNumberControllerTest.php" tests="1" assertions="3" errors="0" warnings="0" failures="0" skipped="0" time="0.049598">
        <testcase name="testLuckyNumber" class="App\Tests\Controller\LuckyNumberControllerTest" classname="App.Tests.Controller.LuckyNumberControllerTest" file="/srv/app/tests/Controller/LuckyNumberControllerTest.php" line="9" assertions="3" time="0.049598"/>
      </testsuite>
      <testsuite name="App\Tests\Controller\SessionOsesControllerTest" file="/srv/app/tests/Controller/SessionOsesControllerTest.php" tests="4" assertions="52" errors="0" warnings="0" failures="0" skipped="0" time="0.652679">
        <testcase name="testSessionOsesListIsNotEmpty" class="App\Tests\Controller\SessionOsesControllerTest" classname="App.Tests.Controller.SessionOsesControllerTest" file="/srv/app/tests/Controller/SessionOsesControllerTest.php" line="42" assertions="1" time="0.012283"/>
        <testcase name="testSessionOsesWebPageListContainsAllRecords" class="App\Tests\Controller\SessionOsesControllerTest" classname="App.Tests.Controller.SessionOsesControllerTest" file="/srv/app/tests/Controller/SessionOsesControllerTest.php" line="55" assertions="16" time="0.065608"/>
        <testcase name="testSessionOsDisplayWebPageContainsData" class="App\Tests\Controller\SessionOsesControllerTest" classname="App.Tests.Controller.SessionOsesControllerTest" file="/srv/app/tests/Controller/SessionOsesControllerTest.php" line="76" assertions="20" time="0.212772"/>
        <testcase name="testCanRemoveAllSessionOsesByClickingDeleteButton" class="App\Tests\Controller\SessionOsesControllerTest" classname="App.Tests.Controller.SessionOsesControllerTest" file="/srv/app/tests/Controller/SessionOsesControllerTest.php" line="96" assertions="15" time="0.362017"/>
      </testsuite>
      <testsuite name="App\Tests\Controller\SessionStatusesControllerTest" file="/srv/app/tests/Controller/SessionStatusesControllerTest.php" tests="4" assertions="62" errors="0" warnings="0" failures="0" skipped="0" time="0.721872">
        <testcase name="testSessionStatusesListIsNotEmpty" class="App\Tests\Controller\SessionStatusesControllerTest" classname="App.Tests.Controller.SessionStatusesControllerTest" file="/srv/app/tests/Controller/SessionStatusesControllerTest.php" line="42" assertions="1" time="0.011265"/>
        <testcase name="testSessionStatusesWebPageListContainsAllRecords" class="App\Tests\Controller\SessionStatusesControllerTest" classname="App.Tests.Controller.SessionStatusesControllerTest" file="/srv/app/tests/Controller/SessionStatusesControllerTest.php" line="55" assertions="19" time="0.054649"/>
        <testcase name="testSessionStatusDisplayWebPageContainsData" class="App\Tests\Controller\SessionStatusesControllerTest" classname="App.Tests.Controller.SessionStatusesControllerTest" file="/srv/app/tests/Controller/SessionStatusesControllerTest.php" line="76" assertions="24" time="0.231745"/>
        <testcase name="testCanRemoveAllSessionStatusesByClickingDeleteButton" class="App\Tests\Controller\SessionStatusesControllerTest" classname="App.Tests.Controller.SessionStatusesControllerTest" file="/srv/app/tests/Controller/SessionStatusesControllerTest.php" line="96" assertions="18" time="0.424213"/>
      </testsuite>
      <testsuite name="App\Tests\Controller\SessionTechsControllerTest" file="/srv/app/tests/Controller/SessionTechsControllerTest.php" tests="4" assertions="82" errors="0" warnings="0" failures="0" skipped="0" time="1.147424">
        <testcase name="testSessionTechsListIsNotEmpty" class="App\Tests\Controller\SessionTechsControllerTest" classname="App.Tests.Controller.SessionTechsControllerTest" file="/srv/app/tests/Controller/SessionTechsControllerTest.php" line="42" assertions="1" time="0.015937"/>
        <testcase name="testSessionTechsWebPageListContainsAllRecords" class="App\Tests\Controller\SessionTechsControllerTest" classname="App.Tests.Controller.SessionTechsControllerTest" file="/srv/app/tests/Controller/SessionTechsControllerTest.php" line="55" assertions="25" time="0.085784"/>
        <testcase name="testsessionTechDisplayWebPageContainsData" class="App\Tests\Controller\SessionTechsControllerTest" classname="App.Tests.Controller.SessionTechsControllerTest" file="/srv/app/tests/Controller/SessionTechsControllerTest.php" line="76" assertions="32" time="0.323659"/>
        <testcase name="testCanRemoveAllSessionTechsByClickingDeleteButton" class="App\Tests\Controller\SessionTechsControllerTest" classname="App.Tests.Controller.SessionTechsControllerTest" file="/srv/app/tests/Controller/SessionTechsControllerTest.php" line="96" assertions="24" time="0.722044"/>
      </testsuite>
      <testsuite name="App\Tests\Controller\SessionsControllerTest" file="/srv/app/tests/Controller/SessionsControllerTest.php" tests="4" assertions="32" errors="0" warnings="0" failures="0" skipped="0" time="0.629336">
        <testcase name="testSessionsListIsNotEmpty" class="App\Tests\Controller\SessionsControllerTest" classname="App.Tests.Controller.SessionsControllerTest" file="/srv/app/tests/Controller/SessionsControllerTest.php" line="42" assertions="1" time="0.015545"/>
        <testcase name="testSessionsWebPageListContainsAllRecords" class="App\Tests\Controller\SessionsControllerTest" classname="App.Tests.Controller.SessionsControllerTest" file="/srv/app/tests/Controller/SessionsControllerTest.php" line="55" assertions="10" time="0.102100"/>
        <testcase name="testSessionDisplayWebPageContainsData" class="App\Tests\Controller\SessionsControllerTest" classname="App.Tests.Controller.SessionsControllerTest" file="/srv/app/tests/Controller/SessionsControllerTest.php" line="76" assertions="12" time="0.188032"/>
        <testcase name="testCanRemoveAllSessionsByClickingDeleteButton" class="App\Tests\Controller\SessionsControllerTest" classname="App.Tests.Controller.SessionsControllerTest" file="/srv/app/tests/Controller/SessionsControllerTest.php" line="96" assertions="9" time="0.323658"/>
      </testsuite>
      <testsuite name="App\Tests\Controller\TaskTechsControllerTest" file="/srv/app/tests/Controller/TaskTechsControllerTest.php" tests="4" assertions="192" errors="0" warnings="0" failures="0" skipped="0" time="2.342418">
        <testcase name="testTaskTechsListIsNotEmpty" class="App\Tests\Controller\TaskTechsControllerTest" classname="App.Tests.Controller.TaskTechsControllerTest" file="/srv/app/tests/Controller/TaskTechsControllerTest.php" line="42" assertions="1" time="0.013957"/>
        <testcase name="testTaskTechsWebPageListContainsAllRecords" class="App\Tests\Controller\TaskTechsControllerTest" classname="App.Tests.Controller.TaskTechsControllerTest" file="/srv/app/tests/Controller/TaskTechsControllerTest.php" line="55" assertions="58" time="0.168858"/>
        <testcase name="testtaskTechDisplayWebPageContainsData" class="App\Tests\Controller\TaskTechsControllerTest" classname="App.Tests.Controller.TaskTechsControllerTest" file="/srv/app/tests/Controller/TaskTechsControllerTest.php" line="76" assertions="76" time="0.895480"/>
        <testcase name="testCanRemoveAllTaskTechsByClickingDeleteButton" class="App\Tests\Controller\TaskTechsControllerTest" classname="App.Tests.Controller.TaskTechsControllerTest" file="/srv/app/tests/Controller/TaskTechsControllerTest.php" line="96" assertions="57" time="1.264124"/>
      </testsuite>
      <testsuite name="App\Tests\Controller\TechnologiesControllerTest" file="/srv/app/tests/Controller/TechnologiesControllerTest.php" tests="4" assertions="272" errors="0" warnings="0" failures="0" skipped="0" time="3.349690">
        <testcase name="testTechnologiesListIsNotEmpty" class="App\Tests\Controller\TechnologiesControllerTest" classname="App.Tests.Controller.TechnologiesControllerTest" file="/srv/app/tests/Controller/TechnologiesControllerTest.php" line="42" assertions="1" time="0.014062"/>
        <testcase name="testTechnologiesWebPageListContainsAllRecords" class="App\Tests\Controller\TechnologiesControllerTest" classname="App.Tests.Controller.TechnologiesControllerTest" file="/srv/app/tests/Controller/TechnologiesControllerTest.php" line="55" assertions="82" time="0.299075"/>
        <testcase name="testTechnologyDisplayWebPageContainsData" class="App\Tests\Controller\TechnologiesControllerTest" classname="App.Tests.Controller.TechnologiesControllerTest" file="/srv/app/tests/Controller/TechnologiesControllerTest.php" line="76" assertions="108" time="1.112747"/>
        <testcase name="testCanRemoveAllTechnologiesByClickingDeleteButton" class="App\Tests\Controller\TechnologiesControllerTest" classname="App.Tests.Controller.TechnologiesControllerTest" file="/srv/app/tests/Controller/TechnologiesControllerTest.php" line="96" assertions="81" time="1.923806"/>
      </testsuite>
      <testsuite name="App\Tests\Controller\TesteesControllerTest" file="/srv/app/tests/Controller/TesteesControllerTest.php" tests="4" assertions="32" errors="0" warnings="0" failures="0" skipped="0" time="0.451367">
        <testcase name="testTesteesListIsNotEmpty" class="App\Tests\Controller\TesteesControllerTest" classname="App.Tests.Controller.TesteesControllerTest" file="/srv/app/tests/Controller/TesteesControllerTest.php" line="42" assertions="1" time="0.010476"/>
        <testcase name="testTesteesWebPageListContainsAllRecords" class="App\Tests\Controller\TesteesControllerTest" classname="App.Tests.Controller.TesteesControllerTest" file="/srv/app/tests/Controller/TesteesControllerTest.php" line="55" assertions="10" time="0.055395"/>
        <testcase name="testTesteeDisplayWebPageContainsData" class="App\Tests\Controller\TesteesControllerTest" classname="App.Tests.Controller.TesteesControllerTest" file="/srv/app/tests/Controller/TesteesControllerTest.php" line="76" assertions="12" time="0.117119"/>
        <testcase name="testCanRemoveAllTesteesByClickingDeleteButton" class="App\Tests\Controller\TesteesControllerTest" classname="App.Tests.Controller.TesteesControllerTest" file="/srv/app/tests/Controller/TesteesControllerTest.php" line="96" assertions="9" time="0.268375"/>
      </testsuite>
      <testsuite name="App\Tests\DomainsTest" file="/srv/app/tests/DomainsTest.php" tests="6" assertions="10" errors="0" warnings="0" failures="0" skipped="0" time="0.283790">
        <testcase name="testDomainsListIsNotEmpty" class="App\Tests\DomainsTest" classname="App.Tests.DomainsTest" file="/srv/app/tests/DomainsTest.php" line="51" assertions="1" time="0.011300"/>
        <testcase name="testCanNotAddDomainWithoutName" class="App\Tests\DomainsTest" classname="App.Tests.DomainsTest" file="/srv/app/tests/DomainsTest.php" line="58" assertions="1" time="0.010249"/>
        <testcase name="testCanNotAddDuplicateDomain" class="App\Tests\DomainsTest" classname="App.Tests.DomainsTest" file="/srv/app/tests/DomainsTest.php" line="67" assertions="2" time="0.013596"/>
        <testcase name="testCanAddDummyDomain" class="App\Tests\DomainsTest" classname="App.Tests.DomainsTest" file="/srv/app/tests/DomainsTest.php" line="81" assertions="1" time="0.013532"/>
        <testcase name="testCanRemoveAllDomains" class="App\Tests\DomainsTest" classname="App.Tests.DomainsTest" file="/srv/app/tests/DomainsTest.php" line="93" assertions="1" time="0.205791"/>
        <testcase name="testDomainRemovalLeadsToLinkedTechnologiesDeletion" class="App\Tests\DomainsTest" classname="App.Tests.DomainsTest" file="/srv/app/tests/DomainsTest.php" line="105" assertions="4" time="0.029322"/>
      </testsuite>
      <testsuite name="App\Tests\EnvironmentStatusesTest" file="/srv/app/tests/EnvironmentStatusesTest.php" tests="5" assertions="18" errors="0" warnings="0" failures="0" skipped="0" time="0.229125">
        <testcase name="testEnvironmentStatusesListIsNotEmpty" class="App\Tests\EnvironmentStatusesTest" classname="App.Tests.EnvironmentStatusesTest" file="/srv/app/tests/EnvironmentStatusesTest.php" line="45" assertions="1" time="0.010559"/>
        <testcase name="testCanNotAddEnvironmentStatusWithoutStatusString" class="App\Tests\EnvironmentStatusesTest" classname="App.Tests.EnvironmentStatusesTest" file="/srv/app/tests/EnvironmentStatusesTest.php" line="53" assertions="1" time="0.013328"/>
        <testcase name="testCanNotAddDuplicateEnvironmentStatus" class="App\Tests\EnvironmentStatusesTest" classname="App.Tests.EnvironmentStatusesTest" file="/srv/app/tests/EnvironmentStatusesTest.php" line="65" assertions="1" time="0.012442"/>
        <testcase name="testCanAddDummyEnvironmentStatus" class="App\Tests\EnvironmentStatusesTest" classname="App.Tests.EnvironmentStatusesTest" file="/srv/app/tests/EnvironmentStatusesTest.php" line="78" assertions="1" time="0.013717"/>
        <testcase name="testCanRemoveAllEnvironmentStatuses" class="App\Tests\EnvironmentStatusesTest" classname="App.Tests.EnvironmentStatusesTest" file="/srv/app/tests/EnvironmentStatusesTest.php" line="92" assertions="14" time="0.179078"/>
      </testsuite>
      <testsuite name="App\Tests\EnvironmentsTest" file="/srv/app/tests/EnvironmentsTest.php" tests="5" assertions="22" errors="0" warnings="0" failures="0" skipped="0" time="0.196961">
        <testcase name="testEnvironmentsListIsNotEmpty" class="App\Tests\EnvironmentsTest" classname="App.Tests.EnvironmentsTest" file="/srv/app/tests/EnvironmentsTest.php" line="69" assertions="1" time="0.013784"/>
        <testcase name="testCanNotAddEnvironmentWithoutMandatoryFields" class="App\Tests\EnvironmentsTest" classname="App.Tests.EnvironmentsTest" file="/srv/app/tests/EnvironmentsTest.php" line="76" assertions="1" time="0.013876"/>
        <testcase name="testCanAddDummyEnvironment" class="App\Tests\EnvironmentsTest" classname="App.Tests.EnvironmentsTest" file="/srv/app/tests/EnvironmentsTest.php" line="85" assertions="3" time="0.023203"/>
        <testcase name="testCanRemoveAllEnvironments" class="App\Tests\EnvironmentsTest" classname="App.Tests.EnvironmentsTest" file="/srv/app/tests/EnvironmentsTest.php" line="109" assertions="14" time="0.124178"/>
        <testcase name="testCanNotAddDuplicateEnvironment" class="App\Tests\EnvironmentsTest" classname="App.Tests.EnvironmentsTest" file="/srv/app/tests/EnvironmentsTest.php" line="129" assertions="3" time="0.021921"/>
      </testsuite>
      <testsuite name="App\Tests\HardwareProfilesTest" file="/srv/app/tests/HardwareProfilesTest.php" tests="14" assertions="32" errors="0" warnings="0" failures="0" skipped="2" time="0.272700">
        <testcase name="testHardwareProfilesListIsNotEmpty" class="App\Tests\HardwareProfilesTest" classname="App.Tests.HardwareProfilesTest" file="/srv/app/tests/HardwareProfilesTest.php" line="64" assertions="1" time="0.013655"/>
        <testcase name="testContainerHardwareProfilesListIsNotEmpty" class="App\Tests\HardwareProfilesTest" classname="App.Tests.HardwareProfilesTest" file="/srv/app/tests/HardwareProfilesTest.php" line="73" assertions="1" time="0.012126"/>
        <testcase name="testVmHardwareProfilesListIsNotEmpty" class="App\Tests\HardwareProfilesTest" classname="App.Tests.HardwareProfilesTest" file="/srv/app/tests/HardwareProfilesTest.php" line="86" assertions="1" time="0.012833"/>
        <testcase name="testSupportedHardwareProfilesListIsNotEmpty" class="App\Tests\HardwareProfilesTest" classname="App.Tests.HardwareProfilesTest" file="/srv/app/tests/HardwareProfilesTest.php" line="99" assertions="1" time="0.011965"/>
        <testcase name="testEachSupportedHardwareProfileHasCorrespondingInstanceTypesForAllSupportedOses" class="App\Tests\HardwareProfilesTest" classname="App.Tests.HardwareProfilesTest" file="/srv/app/tests/HardwareProfilesTest.php" line="124" assertions="9" time="0.027280"/>
        <testcase name="testCanNotAddHardwareProfileWithoutNameOrType" class="App\Tests\HardwareProfilesTest" classname="App.Tests.HardwareProfilesTest" file="/srv/app/tests/HardwareProfilesTest.php" line="142" assertions="1" time="0.013968"/>
        <testcase name="testCanNotAddDuplicateHardwareProfile" class="App\Tests\HardwareProfilesTest" classname="App.Tests.HardwareProfilesTest" file="/srv/app/tests/HardwareProfilesTest.php" line="151" assertions="2" time="0.014102"/>
        <testcase name="testCanAddDummyHardwareProfile" class="App\Tests\HardwareProfilesTest" classname="App.Tests.HardwareProfilesTest" file="/srv/app/tests/HardwareProfilesTest.php" line="163" assertions="1" time="0.014152"/>
        <testcase name="testCanAddDummySupportedHardwareProfile" class="App\Tests\HardwareProfilesTest" classname="App.Tests.HardwareProfilesTest" file="/srv/app/tests/HardwareProfilesTest.php" line="172" assertions="6" time="0.052859"/>
        <testcase name="testCanRemoveUnsupportedHardwareProfile" class="App\Tests\HardwareProfilesTest" classname="App.Tests.HardwareProfilesTest" file="/srv/app/tests/HardwareProfilesTest.php" line="198" assertions="2" time="0.018208"/>
        <testcase name="testCanNotRemoveSupportedHardwareProfile" class="App\Tests\HardwareProfilesTest" classname="App.Tests.HardwareProfilesTest" file="/srv/app/tests/HardwareProfilesTest.php" line="211" assertions="1" time="0.015893"/>
        <testcase name="testCanRemoveSupportedHardwareProfileWithCascadeFlag" class="App\Tests\HardwareProfilesTest" classname="App.Tests.HardwareProfilesTest" file="/srv/app/tests/HardwareProfilesTest.php" line="221" assertions="0" time="0.009416">
          <skipped/>
        </testcase>
        <testcase name="testCanMakeHardwareProfileSupported" class="App\Tests\HardwareProfilesTest" classname="App.Tests.HardwareProfilesTest" file="/srv/app/tests/HardwareProfilesTest.php" line="251" assertions="6" time="0.048924"/>
        <testcase name="testCanMakeHardwareProfileUnsupported" class="App\Tests\HardwareProfilesTest" classname="App.Tests.HardwareProfilesTest" file="/srv/app/tests/HardwareProfilesTest.php" line="276" assertions="0" time="0.007320">
          <skipped/>
        </testcase>
      </testsuite>
      <testsuite name="App\Tests\InstanceStatusesTest" file="/srv/app/tests/InstanceStatusesTest.php" tests="8" assertions="6" errors="0" warnings="0" failures="0" skipped="2" time="0.075478">
        <testcase name="testInstanceStatusesListIsNotEmpty" class="App\Tests\InstanceStatusesTest" classname="App.Tests.InstanceStatusesTest" file="/srv/app/tests/InstanceStatusesTest.php" line="45" assertions="1" time="0.007636"/>
        <testcase name="testInstanceStatusHasInstancesReference" class="App\Tests\InstanceStatusesTest" classname="App.Tests.InstanceStatusesTest" file="/srv/app/tests/InstanceStatusesTest.php" line="59" assertions="1" time="0.018032"/>
        <testcase name="testCanNotAddInstanceStatusWithoutStatusString" class="App\Tests\InstanceStatusesTest" classname="App.Tests.InstanceStatusesTest" file="/srv/app/tests/InstanceStatusesTest.php" line="72" assertions="1" time="0.009256"/>
        <testcase name="testCanNotAddDuplicateInstanceStatus" class="App\Tests\InstanceStatusesTest" classname="App.Tests.InstanceStatusesTest" file="/srv/app/tests/InstanceStatusesTest.php" line="84" assertions="1" time="0.009522"/>
        <testcase name="testCanAddDummyInstanceStatus" class="App\Tests\InstanceStatusesTest" classname="App.Tests.InstanceStatusesTest" file="/srv/app/tests/InstanceStatusesTest.php" line="93" assertions="1" time="0.012992"/>
        <testcase name="testCanRemoveDummyInstanceStatus" class="App\Tests\InstanceStatusesTest" classname="App.Tests.InstanceStatusesTest" file="/srv/app/tests/InstanceStatusesTest.php" line="106" assertions="1" time="0.007590"/>
        <testcase name="testCanNotRemoveReferencedInstanceStatus" class="App\Tests\InstanceStatusesTest" classname="App.Tests.InstanceStatusesTest" file="/srv/app/tests/InstanceStatusesTest.php" line="117" assertions="0" time="0.005118">
          <skipped/>
        </testcase>
        <testcase name="testCanRemoveInstanceStatusWithCascadeFlag" class="App\Tests\InstanceStatusesTest" classname="App.Tests.InstanceStatusesTest" file="/srv/app/tests/InstanceStatusesTest.php" line="129" assertions="0" time="0.005332">
          <skipped/>
        </testcase>
      </testsuite>
      <testsuite name="App\Tests\InstanceTypesTest" file="/srv/app/tests/InstanceTypesTest.php" tests="5" assertions="9" errors="1" warnings="0" failures="0" skipped="0" time="0.094104">
        <testcase name="testInstanceTypesListIsNotEmpty" class="App\Tests\InstanceTypesTest" classname="App.Tests.InstanceTypesTest" file="/srv/app/tests/InstanceTypesTest.php" line="59" assertions="1" time="0.011713"/>
        <testcase name="testCanNotAddInstanceTypeWithoutOperatingSystem" class="App\Tests\InstanceTypesTest" classname="App.Tests.InstanceTypesTest" file="/srv/app/tests/InstanceTypesTest.php" line="71" assertions="2" time="0.012336"/>
        <testcase name="testCanNotAddInstanceTypeWithoutHardwareProfile" class="App\Tests\InstanceTypesTest" classname="App.Tests.InstanceTypesTest" file="/srv/app/tests/InstanceTypesTest.php" line="89" assertions="2" time="0.017156"/>
        <testcase name="testCanNotAddDuplicateInstanceTypes" class="App\Tests\InstanceTypesTest" classname="App.Tests.InstanceTypesTest" file="/srv/app/tests/InstanceTypesTest.php" line="107" assertions="3" time="0.014996"/>
        <testcase name="testCanRemoveInstanceTypes" class="App\Tests\InstanceTypesTest" classname="App.Tests.InstanceTypesTest" file="/srv/app/tests/InstanceTypesTest.php" line="129" assertions="1" time="0.037903">
          <error type="Doctrine\DBAL\Exception\ForeignKeyConstraintViolationException">App\Tests\InstanceTypesTest::testCanRemoveInstanceTypes
Doctrine\DBAL\Exception\ForeignKeyConstraintViolationException: An exception occurred while executing a query: SQLSTATE[23503]: Foreign key violation: 7 ERROR:  update or delete on table "instances" violates foreign key constraint "fk_6fca75163a51721d" on table "addresses"
DETAIL:  Key (id)=(225) is still referenced from table "addresses".

/srv/app/vendor/doctrine/dbal/src/Driver/API/PostgreSQL/ExceptionConverter.php:50
/srv/app/vendor/doctrine/dbal/src/Connection.php:1939
/srv/app/vendor/doctrine/dbal/src/Connection.php:1881
/srv/app/vendor/doctrine/dbal/src/Connection.php:1213
/srv/app/vendor/doctrine/dbal/src/Connection.php:701
/srv/app/vendor/doctrine/orm/src/Persisters/Entity/BasicEntityPersister.php:609
/srv/app/vendor/doctrine/orm/src/UnitOfWork.php:1302
/srv/app/vendor/doctrine/orm/src/UnitOfWork.php:472
/srv/app/vendor/doctrine/orm/src/EntityManager.php:403
/srv/app/src/Repository/InstanceTypesRepository.php:59
/srv/app/tests/InstanceTypesTest.php:137
/srv/app/vendor/phpunit/phpunit/phpunit:107</error>
        </testcase>
      </testsuite>
      <testsuite name="App\Tests\MessengerTest" file="/srv/app/tests/MessengerTest.php" tests="1" assertions="1" errors="0" warnings="0" failures="0" skipped="0" time="0.000530">
        <testcase name="testSomething" class="App\Tests\MessengerTest" classname="App.Tests.MessengerTest" file="/srv/app/tests/MessengerTest.php" line="46" assertions="1" time="0.000530"/>
      </testsuite>
      <testsuite name="App\Tests\OperatingSystemsTest" file="/srv/app/tests/OperatingSystemsTest.php" tests="12" assertions="27" errors="1" warnings="0" failures="0" skipped="1" time="0.195632">
        <testcase name="testOperatingSystemsListIsNotEmpty" class="App\Tests\OperatingSystemsTest" classname="App.Tests.OperatingSystemsTest" file="/srv/app/tests/OperatingSystemsTest.php" line="81" assertions="1" time="0.019912"/>
        <testcase name="testSupportedOperatingSystemsListIsNotEmpty" class="App\Tests\OperatingSystemsTest" classname="App.Tests.OperatingSystemsTest" file="/srv/app/tests/OperatingSystemsTest.php" line="90" assertions="1" time="0.009873"/>
        <testcase name="testEachSupportedOsHasCorrespondingInstanceTypesForAllSupportedHardwareProfiles" class="App\Tests\OperatingSystemsTest" classname="App.Tests.OperatingSystemsTest" file="/srv/app/tests/OperatingSystemsTest.php" line="105" assertions="9" time="0.024691"/>
        <testcase name="testCanNotAddOperatingSystemWithoutReleaseOrBreed" class="App\Tests\OperatingSystemsTest" classname="App.Tests.OperatingSystemsTest" file="/srv/app/tests/OperatingSystemsTest.php" line="121" assertions="1" time="0.012055"/>
        <testcase name="testCanNotAddDuplicateOperatingSystem" class="App\Tests\OperatingSystemsTest" classname="App.Tests.OperatingSystemsTest" file="/srv/app/tests/OperatingSystemsTest.php" line="130" assertions="2" time="0.014874"/>
        <testcase name="testCanAddDummyOperatingSystem" class="App\Tests\OperatingSystemsTest" classname="App.Tests.OperatingSystemsTest" file="/srv/app/tests/OperatingSystemsTest.php" line="146" assertions="2" time="0.014941"/>
        <testcase name="testCanRemoveDummyOperatingSystem" class="App\Tests\OperatingSystemsTest" classname="App.Tests.OperatingSystemsTest" file="/srv/app/tests/OperatingSystemsTest.php" line="165" assertions="1" time="0.008319"/>
        <testcase name="testCanAddDummySupportedOperatingSystem" class="App\Tests\OperatingSystemsTest" classname="App.Tests.OperatingSystemsTest" file="/srv/app/tests/OperatingSystemsTest.php" line="170" assertions="5" time="0.031726"/>
        <testcase name="testCanNotRemoveSupportedOperatingSystem" class="App\Tests\OperatingSystemsTest" classname="App.Tests.OperatingSystemsTest" file="/srv/app/tests/OperatingSystemsTest.php" line="200" assertions="1" time="0.009303"/>
        <testcase name="testCanRemoveSupportedOperatingSystemWithCascadeFlag" class="App\Tests\OperatingSystemsTest" classname="App.Tests.OperatingSystemsTest" file="/srv/app/tests/OperatingSystemsTest.php" line="210" assertions="0" time="0.006445">
          <skipped/>
        </testcase>
        <testcase name="testCanMakeOperatingSystemSupported" class="App\Tests\OperatingSystemsTest" classname="App.Tests.OperatingSystemsTest" file="/srv/app/tests/OperatingSystemsTest.php" line="240" assertions="4" time="0.029978"/>
        <testcase name="testCanMakeOperatingSystemUnsupported" class="App\Tests\OperatingSystemsTest" classname="App.Tests.OperatingSystemsTest" file="/srv/app/tests/OperatingSystemsTest.php" line="265" assertions="0" time="0.013516">
          <error type="Doctrine\ORM\ORMInvalidArgumentException">App\Tests\OperatingSystemsTest::testCanMakeOperatingSystemUnsupported
Doctrine\ORM\ORMInvalidArgumentException: A new entity was found through the relationship 'App\Entity\OperatingSystems#breed' that was not configured to cascade persist operations for entity: fedora. To solve this issue: Either explicitly call EntityManager#persist() on this unknown entity or configure cascade persist this association in the mapping for example @ManyToOne(..,cascade={"persist"}).

/srv/app/vendor/doctrine/orm/src/ORMInvalidArgumentException.php:103
/srv/app/vendor/doctrine/orm/src/UnitOfWork.php:3860
/srv/app/vendor/doctrine/orm/src/UnitOfWork.php:417
/srv/app/vendor/doctrine/orm/src/EntityManager.php:403
/srv/app/src/Repository/OperatingSystemsRepository.php:40
/srv/app/src/Service/OperatingSystemsManager.php:86
/srv/app/src/Service/OperatingSystemsManager.php:148
/srv/app/tests/OperatingSystemsTest.php:269
/srv/app/vendor/phpunit/phpunit/phpunit:107</error>
        </testcase>
      </testsuite>
      <testsuite name="App\Tests\PortsTest" file="/srv/app/tests/PortsTest.php" tests="7" assertions="2302" errors="0" warnings="0" failures="0" skipped="0" time="3.756375">
        <testcase name="testPortsListIsNotEmpty" class="App\Tests\PortsTest" classname="App.Tests.PortsTest" file="/srv/app/tests/PortsTest.php" line="50" assertions="1" time="0.309290"/>
        <testcase name="testCanNotAddPortWithoutPortNumber" class="App\Tests\PortsTest" classname="App.Tests.PortsTest" file="/srv/app/tests/PortsTest.php" line="58" assertions="1" time="0.018493"/>
        <testcase name="testCanNotAddDuplicatePorts" class="App\Tests\PortsTest" classname="App.Tests.PortsTest" file="/srv/app/tests/PortsTest.php" line="71" assertions="2" time="0.019628"/>
        <testcase name="testSparePortsAreAvailable" class="App\Tests\PortsTest" classname="App.Tests.PortsTest" file="/srv/app/tests/PortsTest.php" line="86" assertions="1" time="0.022559"/>
        <testcase name="testEachAddressHasPort" class="App\Tests\PortsTest" classname="App.Tests.PortsTest" file="/srv/app/tests/PortsTest.php" line="95" assertions="2295" time="3.357720"/>
        <testcase name="testCanAddDummyPort" class="App\Tests\PortsTest" classname="App.Tests.PortsTest" file="/srv/app/tests/PortsTest.php" line="109" assertions="1" time="0.017230"/>
        <testcase name="testCanRemoveDummyPort" class="App\Tests\PortsTest" classname="App.Tests.PortsTest" file="/srv/app/tests/PortsTest.php" line="122" assertions="1" time="0.011455"/>
      </testsuite>
      <testsuite name="App\Tests\SessionOsesTest" file="/srv/app/tests/SessionOsesTest.php" tests="5" assertions="9" errors="0" warnings="0" failures="0" skipped="0" time="0.132704">
        <testcase name="testSessionOsesListIsNotEmpty" class="App\Tests\SessionOsesTest" classname="App.Tests.SessionOsesTest" file="/srv/app/tests/SessionOsesTest.php" line="53" assertions="1" time="0.008323"/>
        <testcase name="testCanNotAddSessionOsWithoutSession" class="App\Tests\SessionOsesTest" classname="App.Tests.SessionOsesTest" file="/srv/app/tests/SessionOsesTest.php" line="65" assertions="2" time="0.013497"/>
        <testcase name="testCanNotAddSessionOsWithoutOperatingSystem" class="App\Tests\SessionOsesTest" classname="App.Tests.SessionOsesTest" file="/srv/app/tests/SessionOsesTest.php" line="83" assertions="2" time="0.014848"/>
        <testcase name="testCanNotAddDuplicateSessionOses" class="App\Tests\SessionOsesTest" classname="App.Tests.SessionOsesTest" file="/srv/app/tests/SessionOsesTest.php" line="101" assertions="3" time="0.019784"/>
        <testcase name="testCanRemoveAllSessionOses" class="App\Tests\SessionOsesTest" classname="App.Tests.SessionOsesTest" file="/srv/app/tests/SessionOsesTest.php" line="121" assertions="1" time="0.076252"/>
      </testsuite>
      <testsuite name="App\Tests\SessionStatusesTest" file="/srv/app/tests/SessionStatusesTest.php" tests="5" assertions="16" errors="0" warnings="0" failures="0" skipped="0" time="0.147098">
        <testcase name="testSessionStatusesListIsNotEmpty" class="App\Tests\SessionStatusesTest" classname="App.Tests.SessionStatusesTest" file="/srv/app/tests/SessionStatusesTest.php" line="46" assertions="1" time="0.008733"/>
        <testcase name="testCanNotAddSessionStatusWithoutStatusString" class="App\Tests\SessionStatusesTest" classname="App.Tests.SessionStatusesTest" file="/srv/app/tests/SessionStatusesTest.php" line="54" assertions="1" time="0.010740"/>
        <testcase name="testCanNotAddDuplicateSessionStatus" class="App\Tests\SessionStatusesTest" classname="App.Tests.SessionStatusesTest" file="/srv/app/tests/SessionStatusesTest.php" line="66" assertions="1" time="0.011704"/>
        <testcase name="testCanAddDummySessionStatus" class="App\Tests\SessionStatusesTest" classname="App.Tests.SessionStatusesTest" file="/srv/app/tests/SessionStatusesTest.php" line="75" assertions="1" time="0.015887"/>
        <testcase name="testCanRemoveAllSessionStatuses" class="App\Tests\SessionStatusesTest" classname="App.Tests.SessionStatusesTest" file="/srv/app/tests/SessionStatusesTest.php" line="89" assertions="12" time="0.100033"/>
      </testsuite>
      <testsuite name="App\Tests\SessionTechsTest" file="/srv/app/tests/SessionTechsTest.php" tests="5" assertions="9" errors="0" warnings="0" failures="0" skipped="0" time="0.067970">
        <testcase name="testSessionTechsListIsNotEmpty" class="App\Tests\SessionTechsTest" classname="App.Tests.SessionTechsTest" file="/srv/app/tests/SessionTechsTest.php" line="53" assertions="1" time="0.009297"/>
        <testcase name="testCanNotAddSessionTechWithoutSession" class="App\Tests\SessionTechsTest" classname="App.Tests.SessionTechsTest" file="/srv/app/tests/SessionTechsTest.php" line="65" assertions="2" time="0.014042"/>
        <testcase name="testCanNotAddSessionTechWithoutTechnology" class="App\Tests\SessionTechsTest" classname="App.Tests.SessionTechsTest" file="/srv/app/tests/SessionTechsTest.php" line="83" assertions="2" time="0.013289"/>
        <testcase name="testCanNotAddDuplicateSessionTechs" class="App\Tests\SessionTechsTest" classname="App.Tests.SessionTechsTest" file="/srv/app/tests/SessionTechsTest.php" line="101" assertions="3" time="0.021165"/>
        <testcase name="testCanRemoveAllSessionTechs" class="App\Tests\SessionTechsTest" classname="App.Tests.SessionTechsTest" file="/srv/app/tests/SessionTechsTest.php" line="121" assertions="1" time="0.010177"/>
      </testsuite>
      <testsuite name="App\Tests\SessionsTest" file="/srv/app/tests/SessionsTest.php" tests="5" assertions="14" errors="0" warnings="0" failures="0" skipped="0" time="0.117816">
        <testcase name="testSessionsListIsNotEmpty" class="App\Tests\SessionsTest" classname="App.Tests.SessionsTest" file="/srv/app/tests/SessionsTest.php" line="69" assertions="1" time="0.009978"/>
        <testcase name="testCanNotAddSessionWithoutMandatoryFields" class="App\Tests\SessionsTest" classname="App.Tests.SessionsTest" file="/srv/app/tests/SessionsTest.php" line="76" assertions="1" time="0.013228"/>
        <testcase name="testCanAddDummySession" class="App\Tests\SessionsTest" classname="App.Tests.SessionsTest" file="/srv/app/tests/SessionsTest.php" line="85" assertions="3" time="0.021903"/>
        <testcase name="testCanRemoveAllSessions" class="App\Tests\SessionsTest" classname="App.Tests.SessionsTest" file="/srv/app/tests/SessionsTest.php" line="110" assertions="6" time="0.055926"/>
        <testcase name="testCanNotAddDuplicateSession" class="App\Tests\SessionsTest" classname="App.Tests.SessionsTest" file="/srv/app/tests/SessionsTest.php" line="130" assertions="3" time="0.016781"/>
      </testsuite>
      <testsuite name="App\Tests\TaskInstanceTypesTest" file="/srv/app/tests/TaskInstanceTypesTest.php" tests="6" assertions="11" errors="0" warnings="0" failures="0" skipped="0" time="0.111436">
        <testcase name="testTaskInstanceTypesListIsNotEmpty" class="App\Tests\TaskInstanceTypesTest" classname="App.Tests.TaskInstanceTypesTest" file="/srv/app/tests/TaskInstanceTypesTest.php" line="59" assertions="1" time="0.025925"/>
        <testcase name="testCanRemoveRandomTaskInstanceType" class="App\Tests\TaskInstanceTypesTest" classname="App.Tests.TaskInstanceTypesTest" file="/srv/app/tests/TaskInstanceTypesTest.php" line="71" assertions="2" time="0.014937"/>
        <testcase name="testCanRemoveAllTaskInstanceTypes" class="App\Tests\TaskInstanceTypesTest" classname="App.Tests.TaskInstanceTypesTest" file="/srv/app/tests/TaskInstanceTypesTest.php" line="87" assertions="1" time="0.014578"/>
        <testcase name="testCanNotAddTaskInstanceTypeWithoutTask" class="App\Tests\TaskInstanceTypesTest" classname="App.Tests.TaskInstanceTypesTest" file="/srv/app/tests/TaskInstanceTypesTest.php" line="100" assertions="2" time="0.020741"/>
        <testcase name="testCanNotAddTaskInstanceTypeWithoutInstanceType" class="App\Tests\TaskInstanceTypesTest" classname="App.Tests.TaskInstanceTypesTest" file="/srv/app/tests/TaskInstanceTypesTest.php" line="118" assertions="2" time="0.016226"/>
        <testcase name="testCanNotAddDuplicateTaskInstanceTypes" class="App\Tests\TaskInstanceTypesTest" classname="App.Tests.TaskInstanceTypesTest" file="/srv/app/tests/TaskInstanceTypesTest.php" line="136" assertions="3" time="0.019029"/>
      </testsuite>
      <testsuite name="App\Tests\TaskOsesTest" file="/srv/app/tests/TaskOsesTest.php" tests="5" assertions="9" errors="0" warnings="0" failures="0" skipped="0" time="0.078754">
        <testcase name="testTaskOsesListIsNotEmpty" class="App\Tests\TaskOsesTest" classname="App.Tests.TaskOsesTest" file="/srv/app/tests/TaskOsesTest.php" line="59" assertions="1" time="0.024257"/>
        <testcase name="testCanRemoveAllTaskOses" class="App\Tests\TaskOsesTest" classname="App.Tests.TaskOsesTest" file="/srv/app/tests/TaskOsesTest.php" line="70" assertions="1" time="0.009404"/>
        <testcase name="testCanNotAddTaskOsWithoutTask" class="App\Tests\TaskOsesTest" classname="App.Tests.TaskOsesTest" file="/srv/app/tests/TaskOsesTest.php" line="83" assertions="2" time="0.015925"/>
        <testcase name="testCanNotAddTaskOsWithoutOperatingSystem" class="App\Tests\TaskOsesTest" classname="App.Tests.TaskOsesTest" file="/srv/app/tests/TaskOsesTest.php" line="101" assertions="2" time="0.012914"/>
        <testcase name="testCanNotAddDuplicateTaskOses" class="App\Tests\TaskOsesTest" classname="App.Tests.TaskOsesTest" file="/srv/app/tests/TaskOsesTest.php" line="119" assertions="3" time="0.016253"/>
      </testsuite>
      <testsuite name="App\Tests\TaskTechsTest" file="/srv/app/tests/TaskTechsTest.php" tests="5" assertions="9" errors="0" warnings="0" failures="0" skipped="0" time="0.072792">
        <testcase name="testTaskTechsListIsNotEmpty" class="App\Tests\TaskTechsTest" classname="App.Tests.TaskTechsTest" file="/srv/app/tests/TaskTechsTest.php" line="59" assertions="1" time="0.015104"/>
        <testcase name="testCanRemoveAllTaskTechs" class="App\Tests\TaskTechsTest" classname="App.Tests.TaskTechsTest" file="/srv/app/tests/TaskTechsTest.php" line="70" assertions="1" time="0.010659"/>
        <testcase name="testCanNotAddTaskTechWithoutTask" class="App\Tests\TaskTechsTest" classname="App.Tests.TaskTechsTest" file="/srv/app/tests/TaskTechsTest.php" line="83" assertions="2" time="0.015988"/>
        <testcase name="testCanNotAddTaskTechWithoutTechnology" class="App\Tests\TaskTechsTest" classname="App.Tests.TaskTechsTest" file="/srv/app/tests/TaskTechsTest.php" line="101" assertions="2" time="0.013876"/>
        <testcase name="testCanNotAddDuplicateTaskTechs" class="App\Tests\TaskTechsTest" classname="App.Tests.TaskTechsTest" file="/srv/app/tests/TaskTechsTest.php" line="119" assertions="3" time="0.017164"/>
      </testsuite>
      <testsuite name="App\Tests\TasksTest" file="/srv/app/tests/TasksTest.php" tests="6" assertions="7" errors="1" warnings="0" failures="0" skipped="0" time="0.095831">
        <testcase name="testTasksListIsNotEmpty" class="App\Tests\TasksTest" classname="App.Tests.TasksTest" file="/srv/app/tests/TasksTest.php" line="41" assertions="1" time="0.011642"/>
        <testcase name="testCanNotAddTaskWithoutName" class="App\Tests\TasksTest" classname="App.Tests.TasksTest" file="/srv/app/tests/TasksTest.php" line="49" assertions="1" time="0.012912"/>
        <testcase name="testCanNotAddTaskWithoutPath" class="App\Tests\TasksTest" classname="App.Tests.TasksTest" file="/srv/app/tests/TasksTest.php" line="57" assertions="1" time="0.014720"/>
        <testcase name="testCanNotAddDuplicateTasks" class="App\Tests\TasksTest" classname="App.Tests.TasksTest" file="/srv/app/tests/TasksTest.php" line="70" assertions="2" time="0.014705"/>
        <testcase name="testCanAddDummyTask" class="App\Tests\TasksTest" classname="App.Tests.TasksTest" file="/srv/app/tests/TasksTest.php" line="86" assertions="1" time="0.013099"/>
        <testcase name="testCanRemoveRandomTask" class="App\Tests\TasksTest" classname="App.Tests.TasksTest" file="/srv/app/tests/TasksTest.php" line="100" assertions="1" time="0.028752">
          <error type="Doctrine\DBAL\Exception\ForeignKeyConstraintViolationException">App\Tests\TasksTest::testCanRemoveRandomTask
Doctrine\DBAL\Exception\ForeignKeyConstraintViolationException: An exception occurred while executing a query: SQLSTATE[23503]: Foreign key violation: 7 ERROR:  update or delete on table "instances" violates foreign key constraint "fk_6fca75163a51721d" on table "addresses"
DETAIL:  Key (id)=(225) is still referenced from table "addresses".

/srv/app/vendor/doctrine/dbal/src/Driver/API/PostgreSQL/ExceptionConverter.php:50
/srv/app/vendor/doctrine/dbal/src/Connection.php:1939
/srv/app/vendor/doctrine/dbal/src/Connection.php:1881
/srv/app/vendor/doctrine/dbal/src/Connection.php:1213
/srv/app/vendor/doctrine/dbal/src/Connection.php:701
/srv/app/vendor/doctrine/orm/src/Persisters/Entity/BasicEntityPersister.php:609
/srv/app/vendor/doctrine/orm/src/UnitOfWork.php:1302
/srv/app/vendor/doctrine/orm/src/UnitOfWork.php:472
/srv/app/vendor/doctrine/orm/src/EntityManager.php:403
/srv/app/src/Repository/TasksRepository.php:80
/srv/app/tests/TasksTest.php:106
/srv/app/vendor/phpunit/phpunit/phpunit:107</error>
        </testcase>
      </testsuite>
      <testsuite name="App\Tests\TechnologiesTest" file="/srv/app/tests/TechnologiesTest.php" tests="5" assertions="60" errors="0" warnings="0" failures="0" skipped="0" time="0.295981">
        <testcase name="testTechnologiesListIsNotEmpty" class="App\Tests\TechnologiesTest" classname="App.Tests.TechnologiesTest" file="/srv/app/tests/TechnologiesTest.php" line="60" assertions="1" time="0.011900"/>
        <testcase name="testCanNotAddTechnologyWithoutMandatoryFields" class="App\Tests\TechnologiesTest" classname="App.Tests.TechnologiesTest" file="/srv/app/tests/TechnologiesTest.php" line="67" assertions="1" time="0.010239"/>
        <testcase name="testCanAddDummyTechnology" class="App\Tests\TechnologiesTest" classname="App.Tests.TechnologiesTest" file="/srv/app/tests/TechnologiesTest.php" line="72" assertions="2" time="0.013864"/>
        <testcase name="testCanRemoveAllTechnologies" class="App\Tests\TechnologiesTest" classname="App.Tests.TechnologiesTest" file="/srv/app/tests/TechnologiesTest.php" line="89" assertions="54" time="0.247265"/>
        <testcase name="testCanNotAddDuplicateTechnology" class="App\Tests\TechnologiesTest" classname="App.Tests.TechnologiesTest" file="/srv/app/tests/TechnologiesTest.php" line="108" assertions="2" time="0.012713"/>
      </testsuite>
      <testsuite name="App\Tests\TesteesTest" file="/srv/app/tests/TesteesTest.php" tests="5" assertions="11" errors="0" warnings="0" failures="0" skipped="0" time="0.134117">
        <testcase name="testTesteesListIsNotEmpty" class="App\Tests\TesteesTest" classname="App.Tests.TesteesTest" file="/srv/app/tests/TesteesTest.php" line="51" assertions="1" time="0.009951"/>
        <testcase name="testCanNotAddTesteeWithoutMandatoryFields" class="App\Tests\TesteesTest" classname="App.Tests.TesteesTest" file="/srv/app/tests/TesteesTest.php" line="58" assertions="1" time="0.012052"/>
        <testcase name="testCanAddDummyTestee" class="App\Tests\TesteesTest" classname="App.Tests.TesteesTest" file="/srv/app/tests/TesteesTest.php" line="63" assertions="1" time="0.014602"/>
        <testcase name="testCanRemoveAllTestees" class="App\Tests\TesteesTest" classname="App.Tests.TesteesTest" file="/srv/app/tests/TesteesTest.php" line="79" assertions="6" time="0.082835"/>
        <testcase name="testCanNotAddDuplicateTestee" class="App\Tests\TesteesTest" classname="App.Tests.TesteesTest" file="/srv/app/tests/TesteesTest.php" line="98" assertions="2" time="0.014676"/>
      </testsuite>
    </testsuite>
  </testsuite>
</testsuites>
